// Jest Snapshot v1, https://goo.gl/fbAQLP

exports[`renders correctly 1`] = `
<div
  style={
    Object {
      "minWidth": "1200px",
    }
  }
>
  <div
    className="Flex-sc-1ak395a-0 sc-EHOje gSCRgP"
  >
    <div
      className="FlexItem-sc-1xhpm9o-0 OYTOK"
    >
      <h1
        className="TextBase-sc-1sjok63-0 Heading-sc-63s0tz-0 hxOrSe"
        fontSize="xlarge"
        fontWeight="semiBold"
      >
        Data Dictionary
      </h1>
    </div>
  </div>
  <div
    className="sc-bZQynM daVCun"
    open={true}
  >
    <aside
      className="sc-htoDjs cybUkI"
    >
      Sidebar
    </aside>
    <div
      className="sc-dnqmqq geodzx"
      open={true}
    >
      <div
        className="sc-bdVaJa lkhppj"
      >
        <button
          aria-describedby="82de79a2-f8e5-4a54-995e-f204863c7933"
          className="ButtonBase__ButtonOuter-sc-1bpio6j-0 dWAVXU ButtonBase-sc-1bpio6j-1 ButtonTransparent-sc-799h13-0 ePpZxh IconButton-n9jti8-1 kdvuxi"
          color="neutral"
          onBlur={[Function]}
          onClick={[Function]}
          onFocus={[Function]}
          onKeyUp={[Function]}
          onMouseOut={[Function]}
          onMouseOver={[Function]}
          shape="round"
          size="small"
          type="button"
          width={28}
        >
          <div
            className="VisuallyHidden-sc-1e4iwld-0 cYKvhz"
          >
            Close Sidebar
          </div>
          <div
            aria-hidden={true}
            className="Icon__Styled-sc-7y0t4i-0 kLuNgO Icon-sc-7y0t4i-1 gZGYmq"
            size={22}
          >
            <svg
              fill="currentColor"
              height="100%"
              viewBox="0 0 24 24"
              width="100%"
            >
              <title>
                Caret Left
              </title>
              <path
                d="M15.41 16.59L10.83 12l4.58-4.59L14 6l-6 6 6 6 1.41-1.41z"
                fill="currentColor"
              />
            </svg>
          </div>
        </button>
      </div>
    </div>
    <div
      className="sc-gzVnrw feoOem"
    >
      PanelFields
    </div>
  </div>
</div>
`;
