// Jest Snapshot v1, https://goo.gl/fbAQLP

exports[`renders correctly 1`] = `
<tr
  className="TableRow-sc-1ty7jg8-0 gyYQVo"
>
  <td
    className="TableDataCell-sc-1ougxp0-0 kXNLFN"
  >
     
  </td>
  <td
    className="TableDataCell-sc-1ougxp0-0 gDzkhl break"
  >
    <code
      className="TextBase-sc-90l5yt-0 Code-sc-3cj3ur-0 cPYcMC break"
    />
  </td>
</tr>
`;
