// Jest Snapshot v1, https://goo.gl/fbAQLP

exports[`renders correctly 1`] = `
<tr
  className="TableRow-sc-1tgwedx-0 eGJTVe"
>
  <td
    className="TableDataCell-sc-1ehugof-0 dVINWI"
    color="palette.charcoal700"
  >
     
  </td>
  <td
    className="TableDataCell-sc-1ehugof-0 dVINWI break"
    color="palette.charcoal700"
  >
    <code
      className="TextBase-sc-1sjok63-0 Code-sc-1b6zsy0-0 irpflq break"
      color="palette.charcoal700"
      fontFamily="code"
      fontSize="small"
    />
  </td>
</tr>
`;
