// Jest Snapshot v1, https://goo.gl/fbAQLP

exports[`renders correctly 1`] = `
Array [
  <div
    className="FlexItem-sc-1xhpm9o-0 jawPEc"
  >
    <ul
      className="List-q1s69i-0 fMptPS"
      type="none"
    >
      <li
        className="ListItem-dmbyyb-0 sLeBB"
      >
        <li
          bg="#FFFFFF"
          className="MenuItemListItem-sc-16xvrb6-0 guPpPC sc-bdVaJa gjuDgd"
          color="#4C535B"
          fontSize="small"
          fontWeight="normal"
          onBlur={[Function]}
          onClick={[Function]}
          onKeyUp={[Function]}
        >
          <button
            className="MenuItemButton-sgjyqv-0 kFHkpD"
            role="menuitem"
          >
            <div
              className="MenuItem__MenuItemGrid-sc-1ux796b-0 cpchit"
            >
              AdWord Impressions
            </div>
          </button>
        </li>
      </li>
      <li
        className="ListItem-dmbyyb-0 sLeBB"
      >
        <li
          bg="#FFFFFF"
          className="MenuItemListItem-sc-16xvrb6-0 guPpPC sc-bdVaJa gjuDgd"
          color="#4C535B"
          fontSize="small"
          fontWeight="normal"
          onBlur={[Function]}
          onClick={[Function]}
          onKeyUp={[Function]}
        >
          <button
            className="MenuItemButton-sgjyqv-0 kFHkpD"
            role="menuitem"
          >
            <div
              className="MenuItem__MenuItemGrid-sc-1ux796b-0 cpchit"
            >
              AdWord Impressions by Ad Group
            </div>
          </button>
        </li>
      </li>
      <li
        className="ListItem-dmbyyb-0 sLeBB"
      >
        <li
          bg="#FFFFFF"
          className="MenuItemListItem-sc-16xvrb6-0 guPpPC sc-bdVaJa gjuDgd"
          color="#4C535B"
          fontSize="small"
          fontWeight="normal"
          onBlur={[Function]}
          onClick={[Function]}
          onKeyUp={[Function]}
        >
          <button
            className="MenuItemButton-sgjyqv-0 kFHkpD"
            role="menuitem"
          >
            <div
              className="MenuItem__MenuItemGrid-sc-1ux796b-0 cpchit"
            >
              AdWord Impressions by Keyword
            </div>
          </button>
        </li>
      </li>
      <li
        className="ListItem-dmbyyb-0 sLeBB"
      >
        <li
          bg="#FFFFFF"
          className="MenuItemListItem-sc-16xvrb6-0 guPpPC sc-bdVaJa gjuDgd"
          color="#4C535B"
          fontSize="small"
          fontWeight="normal"
          onBlur={[Function]}
          onClick={[Function]}
          onKeyUp={[Function]}
        >
          <button
            className="MenuItemButton-sgjyqv-0 kFHkpD"
            role="menuitem"
          >
            <div
              className="MenuItem__MenuItemGrid-sc-1ux796b-0 cpchit"
            >
              AdWord Impressions by Geo
            </div>
          </button>
        </li>
      </li>
      <li
        className="ListItem-dmbyyb-0 sLeBB"
      >
        <li
          bg="#FFFFFF"
          className="MenuItemListItem-sc-16xvrb6-0 guPpPC sc-bdVaJa gjuDgd"
          color="#4C535B"
          fontSize="small"
          fontWeight="normal"
          onBlur={[Function]}
          onClick={[Function]}
          onKeyUp={[Function]}
        >
          <button
            className="MenuItemButton-sgjyqv-0 kFHkpD"
            role="menuitem"
          >
            <div
              className="MenuItem__MenuItemGrid-sc-1ux796b-0 cpchit"
            >
              AdWord Impressions by Age Range
            </div>
          </button>
        </li>
      </li>
      <li
        className="ListItem-dmbyyb-0 sLeBB"
      >
        <li
          bg="#FFFFFF"
          className="MenuItemListItem-sc-16xvrb6-0 guPpPC sc-bdVaJa gjuDgd"
          color="#4C535B"
          fontSize="small"
          fontWeight="normal"
          onBlur={[Function]}
          onClick={[Function]}
          onKeyUp={[Function]}
        >
          <button
            className="MenuItemButton-sgjyqv-0 kFHkpD"
            role="menuitem"
          >
            <div
              className="MenuItem__MenuItemGrid-sc-1ux796b-0 cpchit"
            >
              AdWord Impressions by Audience
            </div>
          </button>
        </li>
      </li>
      <li
        className="ListItem-dmbyyb-0 sLeBB"
      >
        <li
          bg="#FFFFFF"
          className="MenuItemListItem-sc-16xvrb6-0 guPpPC sc-bdVaJa gjuDgd"
          color="#4C535B"
          fontSize="small"
          fontWeight="normal"
          onBlur={[Function]}
          onClick={[Function]}
          onKeyUp={[Function]}
        >
          <button
            className="MenuItemButton-sgjyqv-0 kFHkpD"
            role="menuitem"
          >
            <div
              className="MenuItem__MenuItemGrid-sc-1ux796b-0 cpchit"
            >
              AdWord Impressions by Video
            </div>
          </button>
        </li>
      </li>
    </ul>
  </div>,
  ")",
]
`;
