// Jest Snapshot v1, https://goo.gl/fbAQLP

exports[`renders correctly 1`] = `
Array [
  <div
    className="FlexItem-sc-1xhpm9o-0 jufviy"
  >
    <ul
      className="List__ListStyle-sc-q1s69i-0 lfQDWE List-sc-q1s69i-1"
      onBlur={[Function]}
      onFocus={[Function]}
      onKeyDown={[Function]}
      role="list"
      tabIndex={0}
    >
      <li
        className="ListItemWrapper-sc-o8p2ju-0 gbVAhx ListItem-sc-1n26s38-0"
        color="#6C43E0"
        onBlur={[Function]}
        onFocus={[Function]}
        onMouseEnter={[Function]}
        onMouseLeave={[Function]}
        role="none"
      >
        <button
          aria-selected={null}
          className="ListItemContent__Button-sc-1ietpwm-0 cRQTgr ListItemContent-sc-1ietpwm-3 hRivbU"
          disabled={false}
          onBlur={[Function]}
          onClick={[Function]}
          onFocus={[Function]}
          onKeyDown={[Function]}
          onKeyUp={[Function]}
          onMouseDown={[Function]}
          onMouseEnter={[Function]}
          onMouseLeave={[Function]}
          onMouseUp={[Function]}
          role="listitem"
          style={
            Object {
              "--ripple-color": "#71767a",
              "--ripple-overflow": "hidden",
              "--ripple-scale-end": 1,
              "--ripple-scale-start": 0.1,
              "--ripple-size": "100%",
              "--ripple-translate": "0, 0",
            }
          }
          tabIndex={-1}
          type="button"
        >
          <div
            className="ListItemLabel-sc-gwpd17-0 dMOtJP"
          >
            <span
              className="Truncate-sc-1y9fe07-0 dfFWHx"
              onBlur={[Function]}
              onFocus={[Function]}
              onMouseOut={[Function]}
              onMouseOver={[Function]}
            >
              AdWord Impressions
            </span>
          </div>
        </button>
      </li>
      <li
        className="ListItemWrapper-sc-o8p2ju-0 gbVAhx ListItem-sc-1n26s38-0"
        color="#6C43E0"
        onBlur={[Function]}
        onFocus={[Function]}
        onMouseEnter={[Function]}
        onMouseLeave={[Function]}
        role="none"
      >
        <button
          aria-selected={null}
          className="ListItemContent__Button-sc-1ietpwm-0 cRQTgr ListItemContent-sc-1ietpwm-3 hRivbU"
          disabled={false}
          onBlur={[Function]}
          onClick={[Function]}
          onFocus={[Function]}
          onKeyDown={[Function]}
          onKeyUp={[Function]}
          onMouseDown={[Function]}
          onMouseEnter={[Function]}
          onMouseLeave={[Function]}
          onMouseUp={[Function]}
          role="listitem"
          style={
            Object {
              "--ripple-color": "#71767a",
              "--ripple-overflow": "hidden",
              "--ripple-scale-end": 1,
              "--ripple-scale-start": 0.1,
              "--ripple-size": "100%",
              "--ripple-translate": "0, 0",
            }
          }
          tabIndex={-1}
          type="button"
        >
          <div
            className="ListItemLabel-sc-gwpd17-0 dMOtJP"
          >
            <span
              className="Truncate-sc-1y9fe07-0 dfFWHx"
              onBlur={[Function]}
              onFocus={[Function]}
              onMouseOut={[Function]}
              onMouseOver={[Function]}
            >
              AdWord Impressions by Ad Group
            </span>
          </div>
        </button>
      </li>
      <li
        className="ListItemWrapper-sc-o8p2ju-0 gbVAhx ListItem-sc-1n26s38-0"
        color="#6C43E0"
        onBlur={[Function]}
        onFocus={[Function]}
        onMouseEnter={[Function]}
        onMouseLeave={[Function]}
        role="none"
      >
        <button
          aria-selected={null}
          className="ListItemContent__Button-sc-1ietpwm-0 cRQTgr ListItemContent-sc-1ietpwm-3 hRivbU"
          disabled={false}
          onBlur={[Function]}
          onClick={[Function]}
          onFocus={[Function]}
          onKeyDown={[Function]}
          onKeyUp={[Function]}
          onMouseDown={[Function]}
          onMouseEnter={[Function]}
          onMouseLeave={[Function]}
          onMouseUp={[Function]}
          role="listitem"
          style={
            Object {
              "--ripple-color": "#71767a",
              "--ripple-overflow": "hidden",
              "--ripple-scale-end": 1,
              "--ripple-scale-start": 0.1,
              "--ripple-size": "100%",
              "--ripple-translate": "0, 0",
            }
          }
          tabIndex={-1}
          type="button"
        >
          <div
            className="ListItemLabel-sc-gwpd17-0 dMOtJP"
          >
            <span
              className="Truncate-sc-1y9fe07-0 dfFWHx"
              onBlur={[Function]}
              onFocus={[Function]}
              onMouseOut={[Function]}
              onMouseOver={[Function]}
            >
              AdWord Impressions by Keyword
            </span>
          </div>
        </button>
      </li>
      <li
        className="ListItemWrapper-sc-o8p2ju-0 gbVAhx ListItem-sc-1n26s38-0"
        color="#6C43E0"
        onBlur={[Function]}
        onFocus={[Function]}
        onMouseEnter={[Function]}
        onMouseLeave={[Function]}
        role="none"
      >
        <button
          aria-selected={null}
          className="ListItemContent__Button-sc-1ietpwm-0 cRQTgr ListItemContent-sc-1ietpwm-3 hRivbU"
          disabled={false}
          onBlur={[Function]}
          onClick={[Function]}
          onFocus={[Function]}
          onKeyDown={[Function]}
          onKeyUp={[Function]}
          onMouseDown={[Function]}
          onMouseEnter={[Function]}
          onMouseLeave={[Function]}
          onMouseUp={[Function]}
          role="listitem"
          style={
            Object {
              "--ripple-color": "#71767a",
              "--ripple-overflow": "hidden",
              "--ripple-scale-end": 1,
              "--ripple-scale-start": 0.1,
              "--ripple-size": "100%",
              "--ripple-translate": "0, 0",
            }
          }
          tabIndex={-1}
          type="button"
        >
          <div
            className="ListItemLabel-sc-gwpd17-0 dMOtJP"
          >
            <span
              className="Truncate-sc-1y9fe07-0 dfFWHx"
              onBlur={[Function]}
              onFocus={[Function]}
              onMouseOut={[Function]}
              onMouseOver={[Function]}
            >
              AdWord Impressions by Geo
            </span>
          </div>
        </button>
      </li>
      <li
        className="ListItemWrapper-sc-o8p2ju-0 gbVAhx ListItem-sc-1n26s38-0"
        color="#6C43E0"
        onBlur={[Function]}
        onFocus={[Function]}
        onMouseEnter={[Function]}
        onMouseLeave={[Function]}
        role="none"
      >
        <button
          aria-selected={null}
          className="ListItemContent__Button-sc-1ietpwm-0 cRQTgr ListItemContent-sc-1ietpwm-3 hRivbU"
          disabled={false}
          onBlur={[Function]}
          onClick={[Function]}
          onFocus={[Function]}
          onKeyDown={[Function]}
          onKeyUp={[Function]}
          onMouseDown={[Function]}
          onMouseEnter={[Function]}
          onMouseLeave={[Function]}
          onMouseUp={[Function]}
          role="listitem"
          style={
            Object {
              "--ripple-color": "#71767a",
              "--ripple-overflow": "hidden",
              "--ripple-scale-end": 1,
              "--ripple-scale-start": 0.1,
              "--ripple-size": "100%",
              "--ripple-translate": "0, 0",
            }
          }
          tabIndex={-1}
          type="button"
        >
          <div
            className="ListItemLabel-sc-gwpd17-0 dMOtJP"
          >
            <span
              className="Truncate-sc-1y9fe07-0 dfFWHx"
              onBlur={[Function]}
              onFocus={[Function]}
              onMouseOut={[Function]}
              onMouseOver={[Function]}
            >
              AdWord Impressions by Age Range
            </span>
          </div>
        </button>
      </li>
      <li
        className="ListItemWrapper-sc-o8p2ju-0 gbVAhx ListItem-sc-1n26s38-0"
        color="#6C43E0"
        onBlur={[Function]}
        onFocus={[Function]}
        onMouseEnter={[Function]}
        onMouseLeave={[Function]}
        role="none"
      >
        <button
          aria-selected={null}
          className="ListItemContent__Button-sc-1ietpwm-0 cRQTgr ListItemContent-sc-1ietpwm-3 hRivbU"
          disabled={false}
          onBlur={[Function]}
          onClick={[Function]}
          onFocus={[Function]}
          onKeyDown={[Function]}
          onKeyUp={[Function]}
          onMouseDown={[Function]}
          onMouseEnter={[Function]}
          onMouseLeave={[Function]}
          onMouseUp={[Function]}
          role="listitem"
          style={
            Object {
              "--ripple-color": "#71767a",
              "--ripple-overflow": "hidden",
              "--ripple-scale-end": 1,
              "--ripple-scale-start": 0.1,
              "--ripple-size": "100%",
              "--ripple-translate": "0, 0",
            }
          }
          tabIndex={-1}
          type="button"
        >
          <div
            className="ListItemLabel-sc-gwpd17-0 dMOtJP"
          >
            <span
              className="Truncate-sc-1y9fe07-0 dfFWHx"
              onBlur={[Function]}
              onFocus={[Function]}
              onMouseOut={[Function]}
              onMouseOver={[Function]}
            >
              AdWord Impressions by Audience
            </span>
          </div>
        </button>
      </li>
      <li
        className="ListItemWrapper-sc-o8p2ju-0 gbVAhx ListItem-sc-1n26s38-0"
        color="#6C43E0"
        onBlur={[Function]}
        onFocus={[Function]}
        onMouseEnter={[Function]}
        onMouseLeave={[Function]}
        role="none"
      >
        <button
          aria-selected={null}
          className="ListItemContent__Button-sc-1ietpwm-0 cRQTgr ListItemContent-sc-1ietpwm-3 hRivbU"
          disabled={false}
          onBlur={[Function]}
          onClick={[Function]}
          onFocus={[Function]}
          onKeyDown={[Function]}
          onKeyUp={[Function]}
          onMouseDown={[Function]}
          onMouseEnter={[Function]}
          onMouseLeave={[Function]}
          onMouseUp={[Function]}
          role="listitem"
          style={
            Object {
              "--ripple-color": "#71767a",
              "--ripple-overflow": "hidden",
              "--ripple-scale-end": 1,
              "--ripple-scale-start": 0.1,
              "--ripple-size": "100%",
              "--ripple-translate": "0, 0",
            }
          }
          tabIndex={-1}
          type="button"
        >
          <div
            className="ListItemLabel-sc-gwpd17-0 dMOtJP"
          >
            <span
              className="Truncate-sc-1y9fe07-0 dfFWHx"
              onBlur={[Function]}
              onFocus={[Function]}
              onMouseOut={[Function]}
              onMouseOver={[Function]}
            >
              AdWord Impressions by Video
            </span>
          </div>
        </button>
      </li>
    </ul>
  </div>,
  ")",
]
`;
