// Jest Snapshot v1, https://goo.gl/fbAQLP

exports[`renders correctly 1`] = `
<div
  className="Box-sc-5738oh-0 sc-fqkvVR bXKNNZ iZTwfc"
>
  <div
    className="Flex-sc-1ak395a-0 cvboiO"
  >
    <div
      className="FlexItem-sc-1xhpm9o-0 hVeONI"
    >
      <h2
        className="TextBase-sc-90l5yt-0 Heading-sc-m5s1gl-0 fhYkSK bXhYYS"
      >
        Databases
      </h2>
    </div>
  </div>
  <div
    className="Flex-sc-1ak395a-0 ifrcWG"
  >
    <table
      className="Table-sc-1x77f3i-0 drJrhC"
    >
      <thead
        className="TableHead-sc-1bzogra-0 hbGfLO"
      >
        <tr
          className="TableRow-sc-1ty7jg8-0 gyYQVo"
        >
          <th
            className="TableHeaderCell-sc-hi6xhd-0 sc-dcJsrY dcGAwl ffcdhp"
          >
            Field Label
          </th>
          <th
            className="TableHeaderCell-sc-hi6xhd-0 sc-dcJsrY dcGAwl ffcdhp"
          >
            Description
          </th>
          <th
            className="TableHeaderCell-sc-hi6xhd-0 sc-dcJsrY dcGAwl ffcdhp"
          >
            LookML Name
          </th>
          <th
            className="TableHeaderCell-sc-hi6xhd-0 sc-dcJsrY dcGAwl ffcdhp"
          >
            Type
          </th>
          <th
            className="TableHeaderCell-sc-hi6xhd-0 sc-dcJsrY dcGAwl ffcdhp"
          >
            SQL
          </th>
        </tr>
      </thead>
      <tbody
        className="TableBody-sc-1c7fa9v-0 JFfMx"
      >
        DetailDrawer
        DetailDrawer
        DetailDrawer
        DetailDrawer
        DetailDrawer
        DetailDrawer
        DetailDrawer
        DetailDrawer
        DetailDrawer
        DetailDrawer
        DetailDrawer
        DetailDrawer
        DetailDrawer
        DetailDrawer
        DetailDrawer
        DetailDrawer
        DetailDrawer
        DetailDrawer
        DetailDrawer
        DetailDrawer
        DetailDrawer
        DetailDrawer
        DetailDrawer
        DetailDrawer
      </tbody>
    </table>
  </div>
</div>
`;
