// Jest Snapshot v1, https://goo.gl/fbAQLP

exports[`renders correctly 1`] = `
<div
  className="Box-sc-5738oh-0 sc-EHOje bJCcnS"
>
  <div
    className="Flex-sc-1ak395a-0 hvDIqa"
  >
    <div
      className="FlexItem-sc-1xhpm9o-0 OYTOK"
    >
      <h1
        className="TextBase-sc-1sjok63-0 Heading-sc-63s0tz-0 eHbdpm"
        fontSize="xxlarge"
        fontWeight="semiBold"
      >
        Snowflake Usage
      </h1>
      <h4
        className="TextBase-sc-1sjok63-0 Heading-sc-63s0tz-0 gdZrTs"
        fontSize="medium"
        fontWeight="normal"
      >
        Select a field for more information.
      </h4>
    </div>
    <div
      className="FlexItem-sc-1xhpm9o-0 OYTOK"
    >
      <a
        className="Link-sc-165dqum-0 leWLBt"
        color="palette.blue500"
        href="/explore/snowflake_usage/query_history"
        onClick={[Function]}
        target="_blank"
        textDecoration="none"
      >
        <button
          className="ButtonBase__ButtonOuter-sc-1bpio6j-0 jYyfdV ButtonBase-sc-1bpio6j-1 ButtonOutline-ncggc7-0 LgHkk"
          onBlur={[Function]}
          onKeyUp={[Function]}
          size="medium"
        >
          Explore
        </button>
      </a>
      ViewOptions
    </div>
  </div>
  <div
    className="Flex-sc-1ak395a-0 elNvkP"
  >
    <div
      className="FlexItem-sc-1xhpm9o-0 eocUaU"
      width="350px"
    >
      <div
        className="Flex-sc-1ak395a-0 MpoNu InputSearchBase-sc-12k8y4q-0 ldtxxn sc-htoDjs iSNYTQ"
        fontSize="small"
        onMouseDown={[Function]}
        width="100%"
      >
        <div
          className="InputText__InputLayout-sc-6cvg1f-0 labsIn InputText-sc-6cvg1f-2 kuNpyS"
          onClick={[Function]}
        >
          <input
            onChange={[Function]}
            placeholder="Filter fields in this Explore"
            type="text"
            value=""
          />
        </div>
      </div>
    </div>
  </div>
  <div
    className="Box-sc-5738oh-0 sc-bdVaJa eWLFyI"
  >
    <div
      className="Flex-sc-1ak395a-0 iPqomk"
    >
      <div
        className="FlexItem-sc-1xhpm9o-0 sc-htpNat fQVfJS"
      >
        <h6
          className="TextBase-sc-1sjok63-0 Heading-sc-63s0tz-0 sc-bwzfXH hLRBe"
          fontSize="xsmall"
          fontWeight="normal"
        >
          Has Description
        </h6>
        <div
          className="ButtonSet-b1ia7f-0 fmvibX ButtonGroup-sc-13avdmz-0 coYRfD"
        >
          <label
            className="ButtonItem__ButtonItemLabel-sc-22szay-1 hEUvSJ ButtonItem-sc-22szay-3 elCrAr"
            fontFamily="brand"
            htmlFor="008637da-d7f8-40c9-b234-82ee6f7566b5"
            selected={false}
            type="checkbox"
          >
            <input
              checked={false}
              className="ButtonItem__ButtonInput-sc-22szay-2 edsAgu"
              id="008637da-d7f8-40c9-b234-82ee6f7566b5"
              onChange={[Function]}
              type="checkbox"
              value="yes"
            />
            <span
              className="ButtonItem__ButtonItemLabelText-sc-22szay-0 cJddkh"
            >
              Yes
            </span>
          </label>
          <label
            className="ButtonItem__ButtonItemLabel-sc-22szay-1 hEUvSJ ButtonItem-sc-22szay-3 elCrAr"
            fontFamily="brand"
            htmlFor="1a93ab00-2ecd-407a-913d-8d50a88682d6"
            selected={false}
            type="checkbox"
          >
            <input
              checked={false}
              className="ButtonItem__ButtonInput-sc-22szay-2 edsAgu"
              id="1a93ab00-2ecd-407a-913d-8d50a88682d6"
              onChange={[Function]}
              type="checkbox"
              value="no"
            />
            <span
              className="ButtonItem__ButtonItemLabelText-sc-22szay-0 cJddkh"
            >
              No
            </span>
          </label>
        </div>
      </div>
      <div
        className="FlexItem-sc-1xhpm9o-0 sc-htpNat fQVfJS"
      >
        <h6
          className="TextBase-sc-1sjok63-0 Heading-sc-63s0tz-0 sc-bwzfXH hLRBe"
          fontSize="xsmall"
          fontWeight="normal"
        >
          Fields
        </h6>
        <div
          className="ButtonSet-b1ia7f-0 fmvibX ButtonGroup-sc-13avdmz-0 coYRfD"
        >
          <label
            className="ButtonItem__ButtonItemLabel-sc-22szay-1 hEUvSJ ButtonItem-sc-22szay-3 elCrAr"
            fontFamily="brand"
            htmlFor="85532784-b532-43ee-8d2d-0e5130b446a1"
            selected={false}
            type="checkbox"
          >
            <input
              checked={false}
              className="ButtonItem__ButtonInput-sc-22szay-2 edsAgu"
              id="85532784-b532-43ee-8d2d-0e5130b446a1"
              onChange={[Function]}
              type="checkbox"
              value="dimensions"
            />
            <span
              className="ButtonItem__ButtonItemLabelText-sc-22szay-0 cJddkh"
            >
              Dimension
            </span>
          </label>
          <label
            className="ButtonItem__ButtonItemLabel-sc-22szay-1 hEUvSJ ButtonItem-sc-22szay-3 elCrAr"
            fontFamily="brand"
            htmlFor="fa9836db-1981-4944-bc88-0ab82b51dce7"
            selected={false}
            type="checkbox"
          >
            <input
              checked={false}
              className="ButtonItem__ButtonInput-sc-22szay-2 edsAgu"
              id="fa9836db-1981-4944-bc88-0ab82b51dce7"
              onChange={[Function]}
              type="checkbox"
              value="measures"
            />
            <span
              className="ButtonItem__ButtonItemLabelText-sc-22szay-0 cJddkh"
            >
              Measure
            </span>
          </label>
        </div>
      </div>
      <div
        className="FlexItem-sc-1xhpm9o-0 sc-htpNat fQVfJS"
      >
        <h6
          className="TextBase-sc-1sjok63-0 Heading-sc-63s0tz-0 sc-bwzfXH hLRBe"
          fontSize="xsmall"
          fontWeight="normal"
        >
          Has Tags
        </h6>
        <div
          className="ButtonSet-b1ia7f-0 fmvibX ButtonGroup-sc-13avdmz-0 coYRfD"
        >
          <label
            className="ButtonItem__ButtonItemLabel-sc-22szay-1 hEUvSJ ButtonItem-sc-22szay-3 elCrAr"
            fontFamily="brand"
            htmlFor="2e225be7-8d9b-4125-931a-a52936f9b0c4"
            selected={false}
            type="checkbox"
          >
            <input
              checked={false}
              className="ButtonItem__ButtonInput-sc-22szay-2 edsAgu"
              id="2e225be7-8d9b-4125-931a-a52936f9b0c4"
              onChange={[Function]}
              type="checkbox"
              value="yes"
            />
            <span
              className="ButtonItem__ButtonItemLabelText-sc-22szay-0 cJddkh"
            >
              Yes
            </span>
          </label>
          <label
            className="ButtonItem__ButtonItemLabel-sc-22szay-1 hEUvSJ ButtonItem-sc-22szay-3 elCrAr"
            fontFamily="brand"
            htmlFor="a1b53791-4d5a-4be2-bbb5-801ecf5dd0b5"
            selected={false}
            type="checkbox"
          >
            <input
              checked={false}
              className="ButtonItem__ButtonInput-sc-22szay-2 edsAgu"
              id="a1b53791-4d5a-4be2-bbb5-801ecf5dd0b5"
              onChange={[Function]}
              type="checkbox"
              value="no"
            />
            <span
              className="ButtonItem__ButtonItemLabelText-sc-22szay-0 cJddkh"
            >
              No
            </span>
          </label>
        </div>
      </div>
      <div
        className="FlexItem-sc-1xhpm9o-0 sc-htpNat fQVfJS"
      >
        <h6
          className="TextBase-sc-1sjok63-0 Heading-sc-63s0tz-0 sc-bwzfXH hLRBe"
          fontSize="xsmall"
          fontWeight="normal"
        >
          Type
        </h6>
        <div
          className="ButtonSet-b1ia7f-0 fmvibX ButtonGroup-sc-13avdmz-0 coYRfD"
        >
          <label
            className="ButtonItem__ButtonItemLabel-sc-22szay-1 hEUvSJ ButtonItem-sc-22szay-3 elCrAr"
            fontFamily="brand"
            htmlFor="57ee979c-d9a9-4fac-99ef-8ae967868ddf"
            selected={false}
            type="checkbox"
          >
            <input
              checked={false}
              className="ButtonItem__ButtonInput-sc-22szay-2 edsAgu"
              id="57ee979c-d9a9-4fac-99ef-8ae967868ddf"
              onChange={[Function]}
              type="checkbox"
              value="String"
            />
            <span
              className="ButtonItem__ButtonItemLabelText-sc-22szay-0 cJddkh"
            >
              String
            </span>
          </label>
          <label
            className="ButtonItem__ButtonItemLabel-sc-22szay-1 hEUvSJ ButtonItem-sc-22szay-3 elCrAr"
            fontFamily="brand"
            htmlFor="42df52fc-eac6-4f00-9a77-541d88e84868"
            selected={false}
            type="checkbox"
          >
            <input
              checked={false}
              className="ButtonItem__ButtonInput-sc-22szay-2 edsAgu"
              id="42df52fc-eac6-4f00-9a77-541d88e84868"
              onChange={[Function]}
              type="checkbox"
              value="Date"
            />
            <span
              className="ButtonItem__ButtonItemLabelText-sc-22szay-0 cJddkh"
            >
              Date
            </span>
          </label>
          <label
            className="ButtonItem__ButtonItemLabel-sc-22szay-1 hEUvSJ ButtonItem-sc-22szay-3 elCrAr"
            fontFamily="brand"
            htmlFor="f8c1af6a-bdb2-4184-9b82-99c642293115"
            selected={false}
            type="checkbox"
          >
            <input
              checked={false}
              className="ButtonItem__ButtonInput-sc-22szay-2 edsAgu"
              id="f8c1af6a-bdb2-4184-9b82-99c642293115"
              onChange={[Function]}
              type="checkbox"
              value="Number"
            />
            <span
              className="ButtonItem__ButtonItemLabelText-sc-22szay-0 cJddkh"
            >
              Number
            </span>
          </label>
          <label
            className="ButtonItem__ButtonItemLabel-sc-22szay-1 hEUvSJ ButtonItem-sc-22szay-3 elCrAr"
            fontFamily="brand"
            htmlFor="36322773-7348-4564-8e5a-0f26d8a917d3"
            selected={false}
            type="checkbox"
          >
            <input
              checked={false}
              className="ButtonItem__ButtonInput-sc-22szay-2 edsAgu"
              id="36322773-7348-4564-8e5a-0f26d8a917d3"
              onChange={[Function]}
              type="checkbox"
              value="Yesno"
            />
            <span
              className="ButtonItem__ButtonItemLabelText-sc-22szay-0 cJddkh"
            >
              Yesno
            </span>
          </label>
          <label
            className="ButtonItem__ButtonItemLabel-sc-22szay-1 hEUvSJ ButtonItem-sc-22szay-3 elCrAr"
            fontFamily="brand"
            htmlFor="df566d2d-f76f-4f7a-94f1-4e6d913b12fe"
            selected={false}
            type="checkbox"
          >
            <input
              checked={false}
              className="ButtonItem__ButtonInput-sc-22szay-2 edsAgu"
              id="df566d2d-f76f-4f7a-94f1-4e6d913b12fe"
              onChange={[Function]}
              type="checkbox"
              value="Count"
            />
            <span
              className="ButtonItem__ButtonItemLabelText-sc-22szay-0 cJddkh"
            >
              Count
            </span>
          </label>
          <label
            className="ButtonItem__ButtonItemLabel-sc-22szay-1 hEUvSJ ButtonItem-sc-22szay-3 elCrAr"
            fontFamily="brand"
            htmlFor="847e91b7-312a-453c-9759-37877e2f61f9"
            selected={false}
            type="checkbox"
          >
            <input
              checked={false}
              className="ButtonItem__ButtonInput-sc-22szay-2 edsAgu"
              id="847e91b7-312a-453c-9759-37877e2f61f9"
              onChange={[Function]}
              type="checkbox"
              value="Average"
            />
            <span
              className="ButtonItem__ButtonItemLabelText-sc-22szay-0 cJddkh"
            >
              Average
            </span>
          </label>
          <label
            className="ButtonItem__ButtonItemLabel-sc-22szay-1 hEUvSJ ButtonItem-sc-22szay-3 elCrAr"
            fontFamily="brand"
            htmlFor="5d2dc93b-828f-4437-ba08-51c004a8dd9a"
            selected={false}
            type="checkbox"
          >
            <input
              checked={false}
              className="ButtonItem__ButtonInput-sc-22szay-2 edsAgu"
              id="5d2dc93b-828f-4437-ba08-51c004a8dd9a"
              onChange={[Function]}
              type="checkbox"
              value="Sum"
            />
            <span
              className="ButtonItem__ButtonItemLabelText-sc-22szay-0 cJddkh"
            >
              Sum
            </span>
          </label>
        </div>
      </div>
    </div>
  </div>
  <div
    className="Box-sc-5738oh-0 gtrikV"
  >
    Fields
    Fields
    Fields
  </div>
</div>
`;
