// Jest Snapshot v1, https://goo.gl/fbAQLP

exports[`renders correctly 1`] = `
<div
  className="sc-bdVaJa lkhppj"
>
  <button
    aria-describedby="cdeb84c3-d007-4c06-9835-75b9af8933cb"
    className="ButtonBase__ButtonOuter-sc-1bpio6j-0 dWAVXU ButtonBase-sc-1bpio6j-1 ButtonTransparent-sc-799h13-0 ePpZxh IconButton-n9jti8-1 kdvuxi"
    color="neutral"
    onBlur={[Function]}
    onClick={[Function]}
    onFocus={[Function]}
    onKeyUp={[Function]}
    onMouseOut={[Function]}
    onMouseOver={[Function]}
    shape="round"
    size="small"
    type="button"
    width={28}
  >
    <div
      className="VisuallyHidden-sc-1e4iwld-0 cYKvhz"
    >
      Close Sidebar
    </div>
    <div
      aria-hidden={true}
      className="Icon__Styled-sc-7y0t4i-0 kLuNgO Icon-sc-7y0t4i-1 gZGYmq"
      size={22}
    >
      <svg
        fill="currentColor"
        height="100%"
        viewBox="0 0 24 24"
        width="100%"
      >
        <title>
          Caret Left
        </title>
        <path
          d="M15.41 16.59L10.83 12l4.58-4.59L14 6l-6 6 6 6 1.41-1.41z"
          fill="currentColor"
        />
      </svg>
    </div>
  </button>
</div>
`;
