// Jest Snapshot v1, https://goo.gl/fbAQLP

exports[`renders correctly 1`] = `
Array [
  <button
    aria-haspopup="true"
    className="ButtonBase__ButtonOuter-sc-1bpio6j-0 ezRCYD ButtonBase-sc-1bpio6j-1 ButtonOutline-ncggc7-0 LgHkk"
    onBlur={[Function]}
    onClick={[Function]}
    onKeyUp={[Function]}
    size="medium"
  >
    View Options
  </button>,
  ")",
]
`;
